// Vitest Snapshot v1, https://vitest.dev/guide/snapshot.html

exports[`FieldControl component (Unit) > FieldControl matches snapshot 1`] = `
<div>
  <div
    class="w-full p-1"
  >
    <label
      class="text-xs font-semibold text-gray-500 gap-1 text-start items-center label justify-start pb-1 mb-0 h-fit"
      data-testid="label-test"
      for="test"
    >
      Test Label:
    </label>
    <div
      class="relative"
    >
      <input
        class="w-full px-4 py-2 duration-100 ease-in-out transition-shadow disabled:opacity-70 text-gray-600 disabled:bg-gray-200 text-base h-11 invalid:!shadow-outline-secondary-500 invalid:!text-secondary-500 invalid:border-secondary-500 invalid:focus:border-gray-300 border font-sans dark:bg-[#292e33] dark:text-gray-200 focus:ring-2 focus:ring-primary-500 bg-white focus:!border-none focus:!ring-2 focus:!ring-primary-500 outline-none rounded-md overflow-visible"
        data-testid="input-test"
        id="test"
        name="test"
        placeholder="Digite aqui ..."
        value=""
      />
    </div>
  </div>
</div>
`;
