// Vitest Snapshot v1, https://vitest.dev/guide/snapshot.html

exports[`Test FooterAuth component > should render snap footer auth (Unit) 1`] = `
<DocumentFragment>
  <footer
    class="p-3 z-0"
  >
    <div>
      <div
        class="text-center"
      >
        <p
          class=""
        >
          © 2023 PawKeeprs. 
        </p>
      </div>
    </div>
  </footer>
</DocumentFragment>
`;
