// Vitest Snapshot v1, https://vitest.dev/guide/snapshot.html

exports[`tsx-control-statements > should render Choose (Unit) 1`] = `
<DocumentFragment>
  <div>
    test
  </div>
</DocumentFragment>
`;

exports[`tsx-control-statements > should render For (Unit) 1`] = `
<DocumentFragment>
  <li>
    1
  </li>
  <li>
    2
  </li>
  <li>
    3
  </li>
</DocumentFragment>
`;

exports[`tsx-control-statements > should render If (Unit) 1`] = `
<DocumentFragment>
  <div>
    test
  </div>
</DocumentFragment>
`;
