// Vitest Snapshot v1, https://vitest.dev/guide/snapshot.html

exports[`Snap Components (Unit) > should snap render Choose (Unit) 1`] = `
<DocumentFragment>
  <div>
    test
  </div>
</DocumentFragment>
`;

exports[`Snap Components (Unit) > should snap render For (Unit) 1`] = `
<DocumentFragment>
  <li>
    1
  </li>
  <li>
    2
  </li>
  <li>
    3
  </li>
</DocumentFragment>
`;

exports[`Snap Components (Unit) > should snap render If (Unit) 1`] = `
<DocumentFragment>
  <div>
    test
  </div>
</DocumentFragment>
`;
