// Vitest Snapshot v1, https://vitest.dev/guide/snapshot.html

exports[`PasswordRules component > should match snapshot (Unit) 1`] = `
<div>
  <div
    class="mt-1"
  >
    <h4
      class="text-xs italic font-semibold"
    >
      Senha deve conter:
    </h4>
    <div
      class="text-center"
    >
      <span
        class="text-xs font-sans font-semibold mr-1 text-primary-500"
        data-testid="pass-length"
        id="pass-length"
      >
        Mínimo 8 caracteres,
      </span>
      <span
        class="text-xs font-sans font-semibold mr-1 text-primary-500"
        data-testid="pass-lower"
        id="pass-lower"
      >
        uma letra minúscula (a-z),
      </span>
      <span
        class="text-xs font-sans font-semibold mr-1 text-gray-500"
        data-testid="pass-upper"
        id="pass-upper"
      >
        uma letra maiúscula (A-Z),
      </span>
      <span
        class="text-xs font-sans font-semibold mr-1 text-primary-500"
        data-testid="pass-number"
        id="pass-number"
      >
        um número (0-9)
      </span>
      <span
        class="text-xs font-sans font-semibold mr-1 text-gray-500"
        data-testid="pass-special"
        id="pass-special"
      >
        e um caractere especial (!@#$%^&*()_+)
      </span>
    </div>
  </div>
</div>
`;
